Archive member included to satisfy reference by file (symbol)

c:/st/stm32cubeide_1.5.1/stm32cubeide/plugins/com.st.stm32cube.ide.mcu.externaltools.gnu-tools-for-stm32.7-2018-q2-update.win32_1.5.0.202011040924/tools/bin/../lib/gcc/arm-none-eabi/7.3.1/../../../../arm-none-eabi/lib/thumb/v7-m\libc_nano.a(lib_a-errno.o)
                              Application/User/Core/syscalls.o (__errno)
c:/st/stm32cubeide_1.5.1/stm32cubeide/plugins/com.st.stm32cube.ide.mcu.externaltools.gnu-tools-for-stm32.7-2018-q2-update.win32_1.5.0.202011040924/tools/bin/../lib/gcc/arm-none-eabi/7.3.1/../../../../arm-none-eabi/lib/thumb/v7-m\libc_nano.a(lib_a-exit.o)
                              c:/st/stm32cubeide_1.5.1/stm32cubeide/plugins/com.st.stm32cube.ide.mcu.externaltools.gnu-tools-for-stm32.7-2018-q2-update.win32_1.5.0.202011040924/tools/bin/../lib/gcc/arm-none-eabi/7.3.1/../../../../arm-none-eabi/lib/thumb/v7-m/crt0.o (exit)
c:/st/stm32cubeide_1.5.1/stm32cubeide/plugins/com.st.stm32cube.ide.mcu.externaltools.gnu-tools-for-stm32.7-2018-q2-update.win32_1.5.0.202011040924/tools/bin/../lib/gcc/arm-none-eabi/7.3.1/../../../../arm-none-eabi/lib/thumb/v7-m\libc_nano.a(lib_a-impure.o)
                              c:/st/stm32cubeide_1.5.1/stm32cubeide/plugins/com.st.stm32cube.ide.mcu.externaltools.gnu-tools-for-stm32.7-2018-q2-update.win32_1.5.0.202011040924/tools/bin/../lib/gcc/arm-none-eabi/7.3.1/../../../../arm-none-eabi/lib/thumb/v7-m\libc_nano.a(lib_a-exit.o) (_global_impure_ptr)
c:/st/stm32cubeide_1.5.1/stm32cubeide/plugins/com.st.stm32cube.ide.mcu.externaltools.gnu-tools-for-stm32.7-2018-q2-update.win32_1.5.0.202011040924/tools/bin/../lib/gcc/arm-none-eabi/7.3.1/../../../../arm-none-eabi/lib/thumb/v7-m\libc_nano.a(lib_a-init.o)
                              c:/st/stm32cubeide_1.5.1/stm32cubeide/plugins/com.st.stm32cube.ide.mcu.externaltools.gnu-tools-for-stm32.7-2018-q2-update.win32_1.5.0.202011040924/tools/bin/../lib/gcc/arm-none-eabi/7.3.1/../../../../arm-none-eabi/lib/thumb/v7-m/crt0.o (__libc_init_array)
c:/st/stm32cubeide_1.5.1/stm32cubeide/plugins/com.st.stm32cube.ide.mcu.externaltools.gnu-tools-for-stm32.7-2018-q2-update.win32_1.5.0.202011040924/tools/bin/../lib/gcc/arm-none-eabi/7.3.1/../../../../arm-none-eabi/lib/thumb/v7-m\libc_nano.a(lib_a-memset.o)
                              c:/st/stm32cubeide_1.5.1/stm32cubeide/plugins/com.st.stm32cube.ide.mcu.externaltools.gnu-tools-for-stm32.7-2018-q2-update.win32_1.5.0.202011040924/tools/bin/../lib/gcc/arm-none-eabi/7.3.1/../../../../arm-none-eabi/lib/thumb/v7-m/crt0.o (memset)

Allocating common symbols
Common symbol       size              file

sFilterConfig       0x28              Application/User/Core/main.o
my_car_status_packet
                    0x8               Application/User/Core/main.o
my_session_packet   0x1               Application/User/Core/main.o
TxHeaderDASHlap     0x18              Application/User/Core/main.o
my_car_telemetry_packet
                    0x5               Application/User/Core/main.o
TxHeaderDASHsession
                    0x18              Application/User/Core/main.o
TxHeaderDASHcartelemetry
                    0x18              Application/User/Core/main.o
hcan                0x28              Application/User/Core/main.o
my_car_setups_packet
                    0x0               Application/User/Core/main.o
uwTick              0x4               Drivers/STM32F1xx_HAL_Driver/stm32f1xx_hal.o
TxHeaderDASHcarstatus
                    0x18              Application/User/Core/main.o
pFlash              0x20              Drivers/STM32F1xx_HAL_Driver/stm32f1xx_hal_flash.o
my_lap_data_packet  0x6               Application/User/Core/main.o
TxMailbox           0x4               Application/User/Core/main.o
my_motion_packet    0x0               Application/User/Core/main.o
huart2              0x40              Application/User/Core/main.o
my_event_packet     0x0               Application/User/Core/main.o
my_participants_packet
                    0x0               Application/User/Core/main.o

Discarded input sections

 .text          0x0000000000000000        0x0 c:/st/stm32cubeide_1.5.1/stm32cubeide/plugins/com.st.stm32cube.ide.mcu.externaltools.gnu-tools-for-stm32.7-2018-q2-update.win32_1.5.0.202011040924/tools/bin/../lib/gcc/arm-none-eabi/7.3.1/thumb/v7-m/crti.o
 .data          0x0000000000000000        0x0 c:/st/stm32cubeide_1.5.1/stm32cubeide/plugins/com.st.stm32cube.ide.mcu.externaltools.gnu-tools-for-stm32.7-2018-q2-update.win32_1.5.0.202011040924/tools/bin/../lib/gcc/arm-none-eabi/7.3.1/thumb/v7-m/crti.o
 .bss           0x0000000000000000        0x0 c:/st/stm32cubeide_1.5.1/stm32cubeide/plugins/com.st.stm32cube.ide.mcu.externaltools.gnu-tools-for-stm32.7-2018-q2-update.win32_1.5.0.202011040924/tools/bin/../lib/gcc/arm-none-eabi/7.3.1/thumb/v7-m/crti.o
[...]
Memory Configuration

Name             Origin             Length             Attributes
RAM              0x0000000020000000 0x0000000000005000 xrw
FLASH            0x0000000008000000 0x0000000000020000 xr
*default*        0x0000000000000000 0xffffffffffffffff

Linker script and memory map

LOAD c:/st/stm32cubeide_1.5.1/stm32cubeide/plugins/com.st.stm32cube.ide.mcu.externaltools.gnu-tools-for-stm32.7-2018-q2-update.win32_1.5.0.202011040924/tools/bin/../lib/gcc/arm-none-eabi/7.3.1/thumb/v7-m/crti.o
LOAD c:/st/stm32cubeide_1.5.1/stm32cubeide/plugins/com.st.stm32cube.ide.mcu.externaltools.gnu-tools-for-stm32.7-2018-q2-update.win32_1.5.0.202011040924/tools/bin/../lib/gcc/arm-none-eabi/7.3.1/thumb/v7-m/crtbegin.o
LOAD c:/st/stm32cubeide_1.5.1/stm32cubeide/plugins/com.st.stm32cube.ide.mcu.externaltools.gnu-tools-for-stm32.7-2018-q2-update.win32_1.5.0.202011040924/tools/bin/../lib/gcc/arm-none-eabi/7.3.1/../../../../arm-none-eabi/lib/thumb/v7-m/crt0.o
LOAD Application/User/Core/main.o
LOAD Application/User/Core/stm32f1xx_hal_msp.o
LOAD Application/User/Core/stm32f1xx_it.o
LOAD Application/User/Core/syscalls.o
LOAD Application/User/Core/sysmem.o
LOAD Application/User/Startup/startup_stm32f103rbtx.o
LOAD Drivers/CMSIS/system_stm32f1xx.o
LOAD Drivers/STM32F1xx_HAL_Driver/stm32f1xx_hal.o
LOAD Drivers/STM32F1xx_HAL_Driver/stm32f1xx_hal_can.o
LOAD Drivers/STM32F1xx_HAL_Driver/stm32f1xx_hal_cortex.o
LOAD Drivers/STM32F1xx_HAL_Driver/stm32f1xx_hal_dma.o
LOAD Drivers/STM32F1xx_HAL_Driver/stm32f1xx_hal_exti.o
LOAD Drivers/STM32F1xx_HAL_Driver/stm32f1xx_hal_flash.o
LOAD Drivers/STM32F1xx_HAL_Driver/stm32f1xx_hal_flash_ex.o
LOAD Drivers/STM32F1xx_HAL_Driver/stm32f1xx_hal_gpio.o
LOAD Drivers/STM32F1xx_HAL_Driver/stm32f1xx_hal_gpio_ex.o
LOAD Drivers/STM32F1xx_HAL_Driver/stm32f1xx_hal_pwr.o
LOAD Drivers/STM32F1xx_HAL_Driver/stm32f1xx_hal_rcc.o
LOAD Drivers/STM32F1xx_HAL_Driver/stm32f1xx_hal_rcc_ex.o
LOAD Drivers/STM32F1xx_HAL_Driver/stm32f1xx_hal_tim.o
LOAD Drivers/STM32F1xx_HAL_Driver/stm32f1xx_hal_tim_ex.o
LOAD Drivers/STM32F1xx_HAL_Driver/stm32f1xx_hal_uart.o
START GROUP
LOAD c:/st/stm32cubeide_1.5.1/stm32cubeide/plugins/com.st.stm32cube.ide.mcu.externaltools.gnu-tools-for-stm32.7-2018-q2-update.win32_1.5.0.202011040924/tools/bin/../lib/gcc/arm-none-eabi/7.3.1/../../../../arm-none-eabi/lib/thumb/v7-m\libc_nano.a
LOAD c:/st/stm32cubeide_1.5.1/stm32cubeide/plugins/com.st.stm32cube.ide.mcu.externaltools.gnu-tools-for-stm32.7-2018-q2-update.win32_1.5.0.202011040924/tools/bin/../lib/gcc/arm-none-eabi/7.3.1/../../../../arm-none-eabi/lib/thumb/v7-m\libm.a
END GROUP
START GROUP
LOAD c:/st/stm32cubeide_1.5.1/stm32cubeide/plugins/com.st.stm32cube.ide.mcu.externaltools.gnu-tools-for-stm32.7-2018-q2-update.win32_1.5.0.202011040924/tools/bin/../lib/gcc/arm-none-eabi/7.3.1/thumb/v7-m\libgcc.a
LOAD c:/st/stm32cubeide_1.5.1/stm32cubeide/plugins/com.st.stm32cube.ide.mcu.externaltools.gnu-tools-for-stm32.7-2018-q2-update.win32_1.5.0.202011040924/tools/bin/../lib/gcc/arm-none-eabi/7.3.1/../../../../arm-none-eabi/lib/thumb/v7-m\libc_nano.a
END GROUP
START GROUP
LOAD c:/st/stm32cubeide_1.5.1/stm32cubeide/plugins/com.st.stm32cube.ide.mcu.externaltools.gnu-tools-for-stm32.7-2018-q2-update.win32_1.5.0.202011040924/tools/bin/../lib/gcc/arm-none-eabi/7.3.1/thumb/v7-m\libgcc.a
LOAD c:/st/stm32cubeide_1.5.1/stm32cubeide/plugins/com.st.stm32cube.ide.mcu.externaltools.gnu-tools-for-stm32.7-2018-q2-update.win32_1.5.0.202011040924/tools/bin/../lib/gcc/arm-none-eabi/7.3.1/../../../../arm-none-eabi/lib/thumb/v7-m\libc_nano.a
LOAD c:/st/stm32cubeide_1.5.1/stm32cubeide/plugins/com.st.stm32cube.ide.mcu.externaltools.gnu-tools-for-stm32.7-2018-q2-update.win32_1.5.0.202011040924/tools/bin/../lib/gcc/arm-none-eabi/7.3.1/../../../../arm-none-eabi/lib/thumb/v7-m\libnosys.a
END GROUP
START GROUP
LOAD c:/st/stm32cubeide_1.5.1/stm32cubeide/plugins/com.st.stm32cube.ide.mcu.externaltools.gnu-tools-for-stm32.7-2018-q2-update.win32_1.5.0.202011040924/tools/bin/../lib/gcc/arm-none-eabi/7.3.1/thumb/v7-m\libgcc.a
LOAD c:/st/stm32cubeide_1.5.1/stm32cubeide/plugins/com.st.stm32cube.ide.mcu.externaltools.gnu-tools-for-stm32.7-2018-q2-update.win32_1.5.0.202011040924/tools/bin/../lib/gcc/arm-none-eabi/7.3.1/../../../../arm-none-eabi/lib/thumb/v7-m\libc_nano.a
LOAD c:/st/stm32cubeide_1.5.1/stm32cubeide/plugins/com.st.stm32cube.ide.mcu.externaltools.gnu-tools-for-stm32.7-2018-q2-update.win32_1.5.0.202011040924/tools/bin/../lib/gcc/arm-none-eabi/7.3.1/../../../../arm-none-eabi/lib/thumb/v7-m\libnosys.a
END GROUP
LOAD c:/st/stm32cubeide_1.5.1/stm32cubeide/plugins/com.st.stm32cube.ide.mcu.externaltools.gnu-tools-for-stm32.7-2018-q2-update.win32_1.5.0.202011040924/tools/bin/../lib/gcc/arm-none-eabi/7.3.1/thumb/v7-m/crtend.o
LOAD c:/st/stm32cubeide_1.5.1/stm32cubeide/plugins/com.st.stm32cube.ide.mcu.externaltools.gnu-tools-for-stm32.7-2018-q2-update.win32_1.5.0.202011040924/tools/bin/../lib/gcc/arm-none-eabi/7.3.1/thumb/v7-m/crtn.o
                0x0000000020005000                _estack = (ORIGIN (RAM) + LENGTH (RAM))
                0x0000000000000200                _Min_Heap_Size = 0x200
                0x0000000000000400                _Min_Stack_Size = 0x400

.isr_vector     0x0000000008000000      0x10c
                0x0000000008000000                . = ALIGN (0x4)
 *(.isr_vector)
 .isr_vector    0x0000000008000000      0x10c Application/User/Startup/startup_stm32f103rbtx.o
                0x0000000008000000                g_pfnVectors
                0x000000000800010c                . = ALIGN (0x4)

.text           0x000000000800010c     0x2144
                0x000000000800010c                . = ALIGN (0x4)
 *(.text)
 .text          0x000000000800010c       0x40 c:/st/stm32cubeide_1.5.1/stm32cubeide/plugins/com.st.stm32cube.ide.mcu.externaltools.gnu-tools-for-stm32.7-2018-q2-update.win32_1.5.0.202011040924/tools/bin/../lib/gcc/arm-none-eabi/7.3.1/thumb/v7-m/crtbegin.o
 *(.text*)
 .text.main     0x000000000800014c      0x21c Application/User/Core/main.o
                0x000000000800014c                main
 .text.SystemClock_Config
                0x0000000008000368       0x82 Application/User/Core/main.o
                0x0000000008000368                SystemClock_Config
 *fill*         0x00000000080003ea        0x2 
 .text.MX_CAN_Init
                0x00000000080003ec       0xfc Application/User/Core/main.o
 .text.MX_USART2_UART_Init
                0x00000000080004e8       0x54 Application/User/Core/main.o
 .text.MX_GPIO_Init
                0x000000000800053c      0x10c Application/User/Core/main.o
 .text.my_CAN_Transmit
                0x0000000008000648       0x30 Application/User/Core/main.o
                0x0000000008000648                my_CAN_Transmit
 .text.Error_Handler
                0x0000000008000678        0x8 Application/User/Core/main.o
                0x0000000008000678                Error_Handler
 .text.HAL_MspInit
                0x0000000008000680       0x64 Application/User/Core/stm32f1xx_hal_msp.o
                0x0000000008000680                HAL_MspInit
 .text.HAL_CAN_MspInit
                0x00000000080006e4       0x98 Application/User/Core/stm32f1xx_hal_msp.o
                0x00000000080006e4                HAL_CAN_MspInit
 .text.HAL_UART_MspInit
                0x000000000800077c       0x7c Application/User/Core/stm32f1xx_hal_msp.o
                0x000000000800077c                HAL_UART_MspInit
 .text.NMI_Handler
                0x00000000080007f8        0x6 Application/User/Core/stm32f1xx_it.o
                0x00000000080007f8                NMI_Handler
 .text.HardFault_Handler
                0x00000000080007fe        0x6 Application/User/Core/stm32f1xx_it.o
                0x00000000080007fe                HardFault_Handler
 .text.MemManage_Handler
                0x0000000008000804        0x6 Application/User/Core/stm32f1xx_it.o
                0x0000000008000804                MemManage_Handler
 .text.BusFault_Handler
                0x000000000800080a        0x6 Application/User/Core/stm32f1xx_it.o
                0x000000000800080a                BusFault_Handler
 .text.UsageFault_Handler
                0x0000000008000810        0x6 Application/User/Core/stm32f1xx_it.o
                0x0000000008000810                UsageFault_Handler
 .text.SVC_Handler
                0x0000000008000816        0xc Application/User/Core/stm32f1xx_it.o
                0x0000000008000816                SVC_Handler
 .text.DebugMon_Handler
                0x0000000008000822        0xc Application/User/Core/stm32f1xx_it.o
                0x0000000008000822                DebugMon_Handler
 .text.PendSV_Handler
                0x000000000800082e        0xc Application/User/Core/stm32f1xx_it.o
                0x000000000800082e                PendSV_Handler
 .text.SysTick_Handler
                0x000000000800083a        0xc Application/User/Core/stm32f1xx_it.o
                0x000000000800083a                SysTick_Handler
 .text.EXTI15_10_IRQHandler
                0x0000000008000846       0x10 Application/User/Core/stm32f1xx_it.o
                0x0000000008000846                EXTI15_10_IRQHandler
 *fill*         0x0000000008000856        0x2 
 .text.Reset_Handler
                0x0000000008000858       0x48 Application/User/Startup/startup_stm32f103rbtx.o
                0x0000000008000858                Reset_Handler
 .text.Default_Handler
                0x00000000080008a0        0x2 Application/User/Startup/startup_stm32f103rbtx.o
                0x00000000080008a0                RTC_Alarm_IRQHandler
                0x00000000080008a0                EXTI2_IRQHandler
                0x00000000080008a0                TIM1_CC_IRQHandler
                0x00000000080008a0                PVD_IRQHandler
                0x00000000080008a0                EXTI3_IRQHandler
                0x00000000080008a0                EXTI0_IRQHandler
                0x00000000080008a0                I2C2_EV_IRQHandler
                0x00000000080008a0                ADC1_2_IRQHandler
                0x00000000080008a0                SPI1_IRQHandler
                0x00000000080008a0                TAMPER_IRQHandler
                0x00000000080008a0                DMA1_Channel4_IRQHandler
                0x00000000080008a0                USART3_IRQHandler
                0x00000000080008a0                RTC_IRQHandler
                0x00000000080008a0                DMA1_Channel7_IRQHandler
                0x00000000080008a0                CAN1_RX1_IRQHandler
                0x00000000080008a0                TIM4_IRQHandler
                0x00000000080008a0                I2C1_EV_IRQHandler
                0x00000000080008a0                DMA1_Channel6_IRQHandler
                0x00000000080008a0                TIM3_IRQHandler
                0x00000000080008a0                RCC_IRQHandler
                0x00000000080008a0                TIM1_TRG_COM_IRQHandler
                0x00000000080008a0                DMA1_Channel1_IRQHandler
                0x00000000080008a0                Default_Handler
                0x00000000080008a0                EXTI9_5_IRQHandler
                0x00000000080008a0                SPI2_IRQHandler
                0x00000000080008a0                DMA1_Channel5_IRQHandler
                0x00000000080008a0                EXTI4_IRQHandler
                0x00000000080008a0                USB_LP_CAN1_RX0_IRQHandler
                0x00000000080008a0                USB_HP_CAN1_TX_IRQHandler
                0x00000000080008a0                DMA1_Channel3_IRQHandler
                0x00000000080008a0                TIM1_UP_IRQHandler
                0x00000000080008a0                WWDG_IRQHandler
                0x00000000080008a0                TIM2_IRQHandler
                0x00000000080008a0                TIM1_BRK_IRQHandler
                0x00000000080008a0                EXTI1_IRQHandler
                0x00000000080008a0                USART2_IRQHandler
                0x00000000080008a0                I2C2_ER_IRQHandler
                0x00000000080008a0                DMA1_Channel2_IRQHandler
                0x00000000080008a0                CAN1_SCE_IRQHandler
                0x00000000080008a0                FLASH_IRQHandler
                0x00000000080008a0                USART1_IRQHandler
                0x00000000080008a0                I2C1_ER_IRQHandler
                0x00000000080008a0                USBWakeUp_IRQHandler
 .text.SystemInit
                0x00000000080008a2        0xc Drivers/CMSIS/system_stm32f1xx.o
                0x00000000080008a2                SystemInit
 *fill*         0x00000000080008ae        0x2 
 .text.HAL_Init
                0x00000000080008b0       0x2c Drivers/STM32F1xx_HAL_Driver/stm32f1xx_hal.o
                0x00000000080008b0                HAL_Init
 .text.HAL_InitTick
                0x00000000080008dc       0x60 Drivers/STM32F1xx_HAL_Driver/stm32f1xx_hal.o
                0x00000000080008dc                HAL_InitTick
 .text.HAL_IncTick
                0x000000000800093c       0x24 Drivers/STM32F1xx_HAL_Driver/stm32f1xx_hal.o
                0x000000000800093c                HAL_IncTick
 .text.HAL_GetTick
                0x0000000008000960       0x14 Drivers/STM32F1xx_HAL_Driver/stm32f1xx_hal.o
                0x0000000008000960                HAL_GetTick
 .text.HAL_CAN_Init
                0x0000000008000974      0x1f6 Drivers/STM32F1xx_HAL_Driver/stm32f1xx_hal_can.o
                0x0000000008000974                HAL_CAN_Init
 .text.HAL_CAN_ConfigFilter
                0x0000000008000b6a      0x192 Drivers/STM32F1xx_HAL_Driver/stm32f1xx_hal_can.o
                0x0000000008000b6a                HAL_CAN_ConfigFilter
 .text.HAL_CAN_Start
                0x0000000008000cfc       0x88 Drivers/STM32F1xx_HAL_Driver/stm32f1xx_hal_can.o
                0x0000000008000cfc                HAL_CAN_Start
 .text.HAL_CAN_AddTxMessage
                0x0000000008000d84      0x1b4 Drivers/STM32F1xx_HAL_Driver/stm32f1xx_hal_can.o
                0x0000000008000d84                HAL_CAN_AddTxMessage
 .text.HAL_CAN_ActivateNotification
                0x0000000008000f38       0x4a Drivers/STM32F1xx_HAL_Driver/stm32f1xx_hal_can.o
                0x0000000008000f38                HAL_CAN_ActivateNotification
 *fill*         0x0000000008000f82        0x2 
 .text.__NVIC_SetPriorityGrouping
                0x0000000008000f84       0x48 Drivers/STM32F1xx_HAL_Driver/stm32f1xx_hal_cortex.o
 .text.__NVIC_GetPriorityGrouping
                0x0000000008000fcc       0x1c Drivers/STM32F1xx_HAL_Driver/stm32f1xx_hal_cortex.o
 .text.__NVIC_EnableIRQ
                0x0000000008000fe8       0x38 Drivers/STM32F1xx_HAL_Driver/stm32f1xx_hal_cortex.o
 .text.__NVIC_SetPriority
                0x0000000008001020       0x54 Drivers/STM32F1xx_HAL_Driver/stm32f1xx_hal_cortex.o
 .text.NVIC_EncodePriority
                0x0000000008001074       0x64 Drivers/STM32F1xx_HAL_Driver/stm32f1xx_hal_cortex.o
 .text.SysTick_Config
                0x00000000080010d8       0x44 Drivers/STM32F1xx_HAL_Driver/stm32f1xx_hal_cortex.o
 .text.HAL_NVIC_SetPriorityGrouping
                0x000000000800111c       0x16 Drivers/STM32F1xx_HAL_Driver/stm32f1xx_hal_cortex.o
                0x000000000800111c                HAL_NVIC_SetPriorityGrouping
 .text.HAL_NVIC_SetPriority
                0x0000000008001132       0x38 Drivers/STM32F1xx_HAL_Driver/stm32f1xx_hal_cortex.o
                0x0000000008001132                HAL_NVIC_SetPriority
 .text.HAL_NVIC_EnableIRQ
                0x000000000800116a       0x1c Drivers/STM32F1xx_HAL_Driver/stm32f1xx_hal_cortex.o
                0x000000000800116a                HAL_NVIC_EnableIRQ
 .text.HAL_SYSTICK_Config
                0x0000000008001186       0x18 Drivers/STM32F1xx_HAL_Driver/stm32f1xx_hal_cortex.o
                0x0000000008001186                HAL_SYSTICK_Config
 *fill*         0x000000000800119e        0x2 
 .text.HAL_GPIO_Init
                0x00000000080011a0      0x2b4 Drivers/STM32F1xx_HAL_Driver/stm32f1xx_hal_gpio.o
                0x00000000080011a0                HAL_GPIO_Init
 .text.HAL_GPIO_WritePin
                0x0000000008001454       0x30 Drivers/STM32F1xx_HAL_Driver/stm32f1xx_hal_gpio.o
                0x0000000008001454                HAL_GPIO_WritePin
 .text.HAL_GPIO_TogglePin
                0x0000000008001484       0x32 Drivers/STM32F1xx_HAL_Driver/stm32f1xx_hal_gpio.o
                0x0000000008001484                HAL_GPIO_TogglePin
 *fill*         0x00000000080014b6        0x2 
 .text.HAL_GPIO_EXTI_IRQHandler
                0x00000000080014b8       0x30 Drivers/STM32F1xx_HAL_Driver/stm32f1xx_hal_gpio.o
                0x00000000080014b8                HAL_GPIO_EXTI_IRQHandler
 .text.HAL_GPIO_EXTI_Callback
                0x00000000080014e8       0x14 Drivers/STM32F1xx_HAL_Driver/stm32f1xx_hal_gpio.o
                0x00000000080014e8                HAL_GPIO_EXTI_Callback
 .text.HAL_RCC_OscConfig
                0x00000000080014fc      0x500 Drivers/STM32F1xx_HAL_Driver/stm32f1xx_hal_rcc.o
                0x00000000080014fc                HAL_RCC_OscConfig
 .text.HAL_RCC_ClockConfig
                0x00000000080019fc      0x1d4 Drivers/STM32F1xx_HAL_Driver/stm32f1xx_hal_rcc.o
                0x00000000080019fc                HAL_RCC_ClockConfig
 .text.HAL_RCC_GetSysClockFreq
                0x0000000008001bd0       0xc4 Drivers/STM32F1xx_HAL_Driver/stm32f1xx_hal_rcc.o
                0x0000000008001bd0                HAL_RCC_GetSysClockFreq
 .text.HAL_RCC_GetHCLKFreq
                0x0000000008001c94       0x14 Drivers/STM32F1xx_HAL_Driver/stm32f1xx_hal_rcc.o
                0x0000000008001c94                HAL_RCC_GetHCLKFreq
 .text.HAL_RCC_GetPCLK1Freq
                0x0000000008001ca8       0x28 Drivers/STM32F1xx_HAL_Driver/stm32f1xx_hal_rcc.o
                0x0000000008001ca8                HAL_RCC_GetPCLK1Freq
 .text.HAL_RCC_GetPCLK2Freq
                0x0000000008001cd0       0x28 Drivers/STM32F1xx_HAL_Driver/stm32f1xx_hal_rcc.o
                0x0000000008001cd0                HAL_RCC_GetPCLK2Freq
 .text.RCC_Delay
                0x0000000008001cf8       0x3c Drivers/STM32F1xx_HAL_Driver/stm32f1xx_hal_rcc.o
 .text.HAL_UART_Init
                0x0000000008001d34       0x9a Drivers/STM32F1xx_HAL_Driver/stm32f1xx_hal_uart.o
                0x0000000008001d34                HAL_UART_Init
 .text.HAL_UART_Transmit
                0x0000000008001dce      0x124 Drivers/STM32F1xx_HAL_Driver/stm32f1xx_hal_uart.o
                0x0000000008001dce                HAL_UART_Transmit
 .text.HAL_UART_Receive
                0x0000000008001ef2      0x13e Drivers/STM32F1xx_HAL_Driver/stm32f1xx_hal_uart.o
                0x0000000008001ef2                HAL_UART_Receive
 .text.UART_WaitOnFlagUntilTimeout
                0x0000000008002030       0x94 Drivers/STM32F1xx_HAL_Driver/stm32f1xx_hal_uart.o
 .text.UART_SetConfig
                0x00000000080020c4      0x11c Drivers/STM32F1xx_HAL_Driver/stm32f1xx_hal_uart.o
 .text.__libc_init_array
                0x00000000080021e0       0x48 c:/st/stm32cubeide_1.5.1/stm32cubeide/plugins/com.st.stm32cube.ide.mcu.externaltools.gnu-tools-for-stm32.7-2018-q2-update.win32_1.5.0.202011040924/tools/bin/../lib/gcc/arm-none-eabi/7.3.1/../../../../arm-none-eabi/lib/thumb/v7-m\libc_nano.a(lib_a-init.o)
                0x00000000080021e0                __libc_init_array
 .text.memset   0x0000000008002228       0x10 c:/st/stm32cubeide_1.5.1/stm32cubeide/plugins/com.st.stm32cube.ide.mcu.externaltools.gnu-tools-for-stm32.7-2018-q2-update.win32_1.5.0.202011040924/tools/bin/../lib/gcc/arm-none-eabi/7.3.1/../../../../arm-none-eabi/lib/thumb/v7-m\libc_nano.a(lib_a-memset.o)
                0x0000000008002228                memset
 *(.glue_7)
 .glue_7        0x0000000008002238        0x0 linker stubs
 *(.glue_7t)
 .glue_7t       0x0000000008002238        0x0 linker stubs
 *(.eh_frame)
 .eh_frame      0x0000000008002238        0x0 c:/st/stm32cubeide_1.5.1/stm32cubeide/plugins/com.st.stm32cube.ide.mcu.externaltools.gnu-tools-for-stm32.7-2018-q2-update.win32_1.5.0.202011040924/tools/bin/../lib/gcc/arm-none-eabi/7.3.1/thumb/v7-m/crtbegin.o
 *(.init)
 .init          0x0000000008002238        0x4 c:/st/stm32cubeide_1.5.1/stm32cubeide/plugins/com.st.stm32cube.ide.mcu.externaltools.gnu-tools-for-stm32.7-2018-q2-update.win32_1.5.0.202011040924/tools/bin/../lib/gcc/arm-none-eabi/7.3.1/thumb/v7-m/crti.o
                0x0000000008002238                _init
 .init          0x000000000800223c        0x8 c:/st/stm32cubeide_1.5.1/stm32cubeide/plugins/com.st.stm32cube.ide.mcu.externaltools.gnu-tools-for-stm32.7-2018-q2-update.win32_1.5.0.202011040924/tools/bin/../lib/gcc/arm-none-eabi/7.3.1/thumb/v7-m/crtn.o
 *(.fini)
 .fini          0x0000000008002244        0x4 c:/st/stm32cubeide_1.5.1/stm32cubeide/plugins/com.st.stm32cube.ide.mcu.externaltools.gnu-tools-for-stm32.7-2018-q2-update.win32_1.5.0.202011040924/tools/bin/../lib/gcc/arm-none-eabi/7.3.1/thumb/v7-m/crti.o
                0x0000000008002244                _fini
 .fini          0x0000000008002248        0x8 c:/st/stm32cubeide_1.5.1/stm32cubeide/plugins/com.st.stm32cube.ide.mcu.externaltools.gnu-tools-for-stm32.7-2018-q2-update.win32_1.5.0.202011040924/tools/bin/../lib/gcc/arm-none-eabi/7.3.1/thumb/v7-m/crtn.o
                0x0000000008002250                . = ALIGN (0x4)
                0x0000000008002250                _etext = .

.vfp11_veneer   0x0000000008002250        0x0
 .vfp11_veneer  0x0000000008002250        0x0 linker stubs

.v4_bx          0x0000000008002250        0x0
 .v4_bx         0x0000000008002250        0x0 linker stubs

.iplt           0x0000000008002250        0x0
 .iplt          0x0000000008002250        0x0 c:/st/stm32cubeide_1.5.1/stm32cubeide/plugins/com.st.stm32cube.ide.mcu.externaltools.gnu-tools-for-stm32.7-2018-q2-update.win32_1.5.0.202011040924/tools/bin/../lib/gcc/arm-none-eabi/7.3.1/thumb/v7-m/crtbegin.o

.rodata         0x0000000008002250       0x38
                0x0000000008002250                . = ALIGN (0x4)
 *(.rodata)
 .rodata        0x0000000008002250        0xb Application/User/Core/main.o
 *fill*         0x000000000800225b        0x1 
 .rodata        0x000000000800225c       0x12 Drivers/STM32F1xx_HAL_Driver/stm32f1xx_hal_rcc.o
 *(.rodata*)
 *fill*         0x000000000800226e        0x2 
 .rodata.AHBPrescTable
                0x0000000008002270       0x10 Drivers/CMSIS/system_stm32f1xx.o
                0x0000000008002270                AHBPrescTable
 .rodata.APBPrescTable
                0x0000000008002280        0x8 Drivers/CMSIS/system_stm32f1xx.o
                0x0000000008002280                APBPrescTable
                0x0000000008002288                . = ALIGN (0x4)

.rel.dyn        0x0000000008002288        0x0
 .rel.iplt      0x0000000008002288        0x0 c:/st/stm32cubeide_1.5.1/stm32cubeide/plugins/com.st.stm32cube.ide.mcu.externaltools.gnu-tools-for-stm32.7-2018-q2-update.win32_1.5.0.202011040924/tools/bin/../lib/gcc/arm-none-eabi/7.3.1/thumb/v7-m/crtbegin.o

.ARM.extab      0x0000000008002288        0x0
                0x0000000008002288                . = ALIGN (0x4)
 *(.ARM.extab* .gnu.linkonce.armextab.*)
                0x0000000008002288                . = ALIGN (0x4)

.ARM            0x0000000008002288        0x0
                0x0000000008002288                . = ALIGN (0x4)
                0x0000000008002288                __exidx_start = .
 *(.ARM.exidx*)
                0x0000000008002288                __exidx_end = .
                0x0000000008002288                . = ALIGN (0x4)

.preinit_array  0x0000000008002288        0x0
                0x0000000008002288                . = ALIGN (0x4)
                0x0000000008002288                PROVIDE (__preinit_array_start = .)
 *(.preinit_array*)
                0x0000000008002288                PROVIDE (__preinit_array_end = .)
                0x0000000008002288                . = ALIGN (0x4)

.init_array     0x0000000008002288        0x4
                0x0000000008002288                . = ALIGN (0x4)
                0x0000000008002288                PROVIDE (__init_array_start = .)
 *(SORT_BY_NAME(.init_array.*))
 *(.init_array*)
 .init_array    0x0000000008002288        0x4 c:/st/stm32cubeide_1.5.1/stm32cubeide/plugins/com.st.stm32cube.ide.mcu.externaltools.gnu-tools-for-stm32.7-2018-q2-update.win32_1.5.0.202011040924/tools/bin/../lib/gcc/arm-none-eabi/7.3.1/thumb/v7-m/crtbegin.o
                0x000000000800228c                PROVIDE (__init_array_end = .)
                0x000000000800228c                . = ALIGN (0x4)

.fini_array     0x000000000800228c        0x4
                0x000000000800228c                . = ALIGN (0x4)
                [!provide]                        PROVIDE (__fini_array_start = .)
 *(SORT_BY_NAME(.fini_array.*))
 *(.fini_array*)
 .fini_array    0x000000000800228c        0x4 c:/st/stm32cubeide_1.5.1/stm32cubeide/plugins/com.st.stm32cube.ide.mcu.externaltools.gnu-tools-for-stm32.7-2018-q2-update.win32_1.5.0.202011040924/tools/bin/../lib/gcc/arm-none-eabi/7.3.1/thumb/v7-m/crtbegin.o
                [!provide]                        PROVIDE (__fini_array_end = .)
                0x0000000008002290                . = ALIGN (0x4)
                0x0000000008002290                _sidata = LOADADDR (.data)

.data           0x0000000020000000        0xc load address 0x0000000008002290
                0x0000000020000000                . = ALIGN (0x4)
                0x0000000020000000                _sdata = .
 *(.data)
 *(.data*)
 .data.SystemCoreClock
                0x0000000020000000        0x4 Drivers/CMSIS/system_stm32f1xx.o
                0x0000000020000000                SystemCoreClock
 .data.uwTickPrio
                0x0000000020000004        0x4 Drivers/STM32F1xx_HAL_Driver/stm32f1xx_hal.o
                0x0000000020000004                uwTickPrio
 .data.uwTickFreq
                0x0000000020000008        0x1 Drivers/STM32F1xx_HAL_Driver/stm32f1xx_hal.o
                0x0000000020000008                uwTickFreq
                0x000000002000000c                . = ALIGN (0x4)
 *fill*         0x0000000020000009        0x3 
                0x000000002000000c                _edata = .

.igot.plt       0x000000002000000c        0x0 load address 0x000000000800229c
 .igot.plt      0x000000002000000c        0x0 c:/st/stm32cubeide_1.5.1/stm32cubeide/plugins/com.st.stm32cube.ide.mcu.externaltools.gnu-tools-for-stm32.7-2018-q2-update.win32_1.5.0.202011040924/tools/bin/../lib/gcc/arm-none-eabi/7.3.1/thumb/v7-m/crtbegin.o
                0x000000002000000c                . = ALIGN (0x4)

.bss            0x000000002000000c      0x130 load address 0x000000000800229c
                0x000000002000000c                _sbss = .
                0x000000002000000c                __bss_start__ = _sbss
 *(.bss)
 .bss           0x000000002000000c       0x1c c:/st/stm32cubeide_1.5.1/stm32cubeide/plugins/com.st.stm32cube.ide.mcu.externaltools.gnu-tools-for-stm32.7-2018-q2-update.win32_1.5.0.202011040924/tools/bin/../lib/gcc/arm-none-eabi/7.3.1/thumb/v7-m/crtbegin.o
 *(.bss*)
 *(COMMON)
 COMMON         0x0000000020000028      0x110 Application/User/Core/main.o
                0x0000000020000028                sFilterConfig
                0x0000000020000050                my_car_status_packet
                0x0000000020000058                my_session_packet
                0x000000002000005c                TxHeaderDASHlap
                0x0000000020000074                my_car_telemetry_packet
                0x000000002000007c                TxHeaderDASHsession
                0x0000000020000094                TxHeaderDASHcartelemetry
                0x00000000200000ac                hcan
                0x00000000200000d4                my_car_setups_packet
                0x00000000200000d4                TxHeaderDASHcarstatus
                0x00000000200000ec                my_lap_data_packet
                0x00000000200000f4                TxMailbox
                0x00000000200000f8                huart2
                0x00000000200000f8                my_motion_packet
                0x0000000020000138                my_participants_packet
                0x0000000020000138                my_event_packet
 COMMON         0x0000000020000138        0x4 Drivers/STM32F1xx_HAL_Driver/stm32f1xx_hal.o
                0x0000000020000138                uwTick
                0x000000002000013c                . = ALIGN (0x4)
                0x000000002000013c                _ebss = .
                0x000000002000013c                __bss_end__ = _ebss

._user_heap_stack
                0x000000002000013c      0x604 load address 0x000000000800229c
                0x0000000020000140                . = ALIGN (0x8)
 *fill*         0x000000002000013c        0x4 
                [!provide]                        PROVIDE (end = .)
                0x0000000020000140                PROVIDE (_end = .)
                0x0000000020000340                . = (. + _Min_Heap_Size)
 *fill*         0x0000000020000140      0x200 
                0x0000000020000740                . = (. + _Min_Stack_Size)
 *fill*         0x0000000020000340      0x400 
                0x0000000020000740                . = ALIGN (0x8)

/DISCARD/
 libc.a(*)
 libm.a(*)
 libgcc.a(*)

.ARM.attributes
                0x0000000000000000       0x29
 *(.ARM.attributes)
 .ARM.attributes
                0x0000000000000000       0x1d c:/st/stm32cubeide_1.5.1/stm32cubeide/plugins/com.st.stm32cube.ide.mcu.externaltools.gnu-tools-for-stm32.7-2018-q2-update.win32_1.5.0.202011040924/tools/bin/../lib/gcc/arm-none-eabi/7.3.1/thumb/v7-m/crti.o
 .ARM.attributes
                0x000000000000001d       0x2d c:/st/stm32cubeide_1.5.1/stm32cubeide/plugins/com.st.stm32cube.ide.mcu.externaltools.gnu-tools-for-stm32.7-2018-q2-update.win32_1.5.0.202011040924/tools/bin/../lib/gcc/arm-none-eabi/7.3.1/thumb/v7-m/crtbegin.o
 .ARM.attributes
                0x000000000000004a       0x33 Application/User/Core/main.o
 .ARM.attributes
                0x000000000000007d       0x33 Application/User/Core/stm32f1xx_hal_msp.o
 .ARM.attributes
                0x00000000000000b0       0x33 Application/User/Core/stm32f1xx_it.o
 .ARM.attributes
                0x00000000000000e3       0x21 Application/User/Startup/startup_stm32f103rbtx.o
 .ARM.attributes
                0x0000000000000104       0x33 Drivers/CMSIS/system_stm32f1xx.o
 .ARM.attributes
                0x0000000000000137       0x33 Drivers/STM32F1xx_HAL_Driver/stm32f1xx_hal.o
 .ARM.attributes
                0x000000000000016a       0x33 Drivers/STM32F1xx_HAL_Driver/stm32f1xx_hal_can.o
 .ARM.attributes
                0x000000000000019d       0x33 Drivers/STM32F1xx_HAL_Driver/stm32f1xx_hal_cortex.o
 .ARM.attributes
                0x00000000000001d0       0x33 Drivers/STM32F1xx_HAL_Driver/stm32f1xx_hal_gpio.o
 .ARM.attributes
                0x0000000000000203       0x33 Drivers/STM32F1xx_HAL_Driver/stm32f1xx_hal_rcc.o
 .ARM.attributes
                0x0000000000000236       0x33 Drivers/STM32F1xx_HAL_Driver/stm32f1xx_hal_uart.o
 .ARM.attributes
                0x0000000000000269       0x2d c:/st/stm32cubeide_1.5.1/stm32cubeide/plugins/com.st.stm32cube.ide.mcu.externaltools.gnu-tools-for-stm32.7-2018-q2-update.win32_1.5.0.202011040924/tools/bin/../lib/gcc/arm-none-eabi/7.3.1/../../../../arm-none-eabi/lib/thumb/v7-m\libc_nano.a(lib_a-init.o)
 .ARM.attributes
                0x0000000000000296       0x2d c:/st/stm32cubeide_1.5.1/stm32cubeide/plugins/com.st.stm32cube.ide.mcu.externaltools.gnu-tools-for-stm32.7-2018-q2-update.win32_1.5.0.202011040924/tools/bin/../lib/gcc/arm-none-eabi/7.3.1/../../../../arm-none-eabi/lib/thumb/v7-m\libc_nano.a(lib_a-memset.o)
 .ARM.attributes
                0x00000000000002c3       0x1d c:/st/stm32cubeide_1.5.1/stm32cubeide/plugins/com.st.stm32cube.ide.mcu.externaltools.gnu-tools-for-stm32.7-2018-q2-update.win32_1.5.0.202011040924/tools/bin/../lib/gcc/arm-none-eabi/7.3.1/thumb/v7-m/crtn.o
OUTPUT(F1_uart_can.elf elf32-littlearm)

.debug_info     0x0000000000000000     0x6ed7
 .debug_info    0x0000000000000000     0x1ad0 Application/User/Core/main.o
 .debug_info    0x0000000000001ad0      0xc53 Application/User/Core/stm32f1xx_hal_msp.o
 .debug_info    0x0000000000002723      0x231 Application/User/Core/stm32f1xx_it.o
 .debug_info    0x0000000000002954       0x22 Application/User/Startup/startup_stm32f103rbtx.o
 .debug_info    0x0000000000002976      0x29a Drivers/CMSIS/system_stm32f1xx.o
 .debug_info    0x0000000000002c10      0x714 Drivers/STM32F1xx_HAL_Driver/stm32f1xx_hal.o
 .debug_info    0x0000000000003324      0xf9d Drivers/STM32F1xx_HAL_Driver/stm32f1xx_hal_can.o
 .debug_info    0x00000000000042c1      0xb51 Drivers/STM32F1xx_HAL_Driver/stm32f1xx_hal_cortex.o
 .debug_info    0x0000000000004e12      0x69b Drivers/STM32F1xx_HAL_Driver/stm32f1xx_hal_gpio.o
 .debug_info    0x00000000000054ad      0x80f Drivers/STM32F1xx_HAL_Driver/stm32f1xx_hal_rcc.o
 .debug_info    0x0000000000005cbc     0x121b Drivers/STM32F1xx_HAL_Driver/stm32f1xx_hal_uart.o

.debug_abbrev   0x0000000000000000     0x13b1
 .debug_abbrev  0x0000000000000000      0x2f0 Application/User/Core/main.o
 .debug_abbrev  0x00000000000002f0      0x1c6 Application/User/Core/stm32f1xx_hal_msp.o
 .debug_abbrev  0x00000000000004b6       0xc6 Application/User/Core/stm32f1xx_it.o
 .debug_abbrev  0x000000000000057c       0x12 Application/User/Startup/startup_stm32f103rbtx.o
 .debug_abbrev  0x000000000000058e      0x134 Drivers/CMSIS/system_stm32f1xx.o
 .debug_abbrev  0x00000000000006c2      0x1c7 Drivers/STM32F1xx_HAL_Driver/stm32f1xx_hal.o
 .debug_abbrev  0x0000000000000889      0x20e Drivers/STM32F1xx_HAL_Driver/stm32f1xx_hal_can.o
 .debug_abbrev  0x0000000000000a97      0x2d5 Drivers/STM32F1xx_HAL_Driver/stm32f1xx_hal_cortex.o
 .debug_abbrev  0x0000000000000d6c      0x1c0 Drivers/STM32F1xx_HAL_Driver/stm32f1xx_hal_gpio.o
 .debug_abbrev  0x0000000000000f2c      0x243 Drivers/STM32F1xx_HAL_Driver/stm32f1xx_hal_rcc.o
 .debug_abbrev  0x000000000000116f      0x242 Drivers/STM32F1xx_HAL_Driver/stm32f1xx_hal_uart.o

.debug_aranges  0x0000000000000000      0x718
 .debug_aranges
                0x0000000000000000       0x50 Application/User/Core/main.o
 .debug_aranges
                0x0000000000000050       0x40 Application/User/Core/stm32f1xx_hal_msp.o
 .debug_aranges
                0x0000000000000090       0x68 Application/User/Core/stm32f1xx_it.o
 .debug_aranges
                0x00000000000000f8       0x28 Application/User/Startup/startup_stm32f103rbtx.o
 .debug_aranges
                0x0000000000000120       0x28 Drivers/CMSIS/system_stm32f1xx.o
 .debug_aranges
                0x0000000000000148       0xe0 Drivers/STM32F1xx_HAL_Driver/stm32f1xx_hal.o
 .debug_aranges
                0x0000000000000228      0x138 Drivers/STM32F1xx_HAL_Driver/stm32f1xx_hal_can.o
 .debug_aranges
                0x0000000000000360      0x100 Drivers/STM32F1xx_HAL_Driver/stm32f1xx_hal_cortex.o
 .debug_aranges
                0x0000000000000460       0x58 Drivers/STM32F1xx_HAL_Driver/stm32f1xx_hal_gpio.o
 .debug_aranges
                0x00000000000004b8       0x90 Drivers/STM32F1xx_HAL_Driver/stm32f1xx_hal_rcc.o
 .debug_aranges
                0x0000000000000548      0x1d0 Drivers/STM32F1xx_HAL_Driver/stm32f1xx_hal_uart.o

.debug_ranges   0x0000000000000000      0x670
 .debug_ranges  0x0000000000000000       0x40 Application/User/Core/main.o
 .debug_ranges  0x0000000000000040       0x30 Application/User/Core/stm32f1xx_hal_msp.o
 .debug_ranges  0x0000000000000070       0x58 Application/User/Core/stm32f1xx_it.o
 .debug_ranges  0x00000000000000c8       0x20 Application/User/Startup/startup_stm32f103rbtx.o
 .debug_ranges  0x00000000000000e8       0x18 Drivers/CMSIS/system_stm32f1xx.o
 .debug_ranges  0x0000000000000100       0xd0 Drivers/STM32F1xx_HAL_Driver/stm32f1xx_hal.o
 .debug_ranges  0x00000000000001d0      0x128 Drivers/STM32F1xx_HAL_Driver/stm32f1xx_hal_can.o
 .debug_ranges  0x00000000000002f8       0xf0 Drivers/STM32F1xx_HAL_Driver/stm32f1xx_hal_cortex.o
 .debug_ranges  0x00000000000003e8       0x48 Drivers/STM32F1xx_HAL_Driver/stm32f1xx_hal_gpio.o
 .debug_ranges  0x0000000000000430       0x80 Drivers/STM32F1xx_HAL_Driver/stm32f1xx_hal_rcc.o
 .debug_ranges  0x00000000000004b0      0x1c0 Drivers/STM32F1xx_HAL_Driver/stm32f1xx_hal_uart.o

.debug_macro    0x0000000000000000    0x16f50
 .debug_macro   0x0000000000000000      0x343 Application/User/Core/main.o
 .debug_macro   0x0000000000000343      0xa5a Application/User/Core/main.o
 .debug_macro   0x0000000000000d9d      0x21b Application/User/Core/main.o
 .debug_macro   0x0000000000000fb8       0x2e Application/User/Core/main.o
 .debug_macro   0x0000000000000fe6       0x22 Application/User/Core/main.o
 .debug_macro   0x0000000000001008       0x22 Application/User/Core/main.o
 .debug_macro   0x000000000000102a       0x8e Application/User/Core/main.o
 .debug_macro   0x00000000000010b8       0x51 Application/User/Core/main.o
 .debug_macro   0x0000000000001109       0xef Application/User/Core/main.o
 .debug_macro   0x00000000000011f8       0x6a Application/User/Core/main.o
 .debug_macro   0x0000000000001262      0x1df Application/User/Core/main.o
 .debug_macro   0x0000000000001441       0x1c Application/User/Core/main.o
 .debug_macro   0x000000000000145d       0x22 Application/User/Core/main.o
 .debug_macro   0x000000000000147f       0xc3 Application/User/Core/main.o
 .debug_macro   0x0000000000001542      0xd23 Application/User/Core/main.o
 .debug_macro   0x0000000000002265     0xe097 Application/User/Core/main.o
 .debug_macro   0x00000000000102fc       0x43 Application/User/Core/main.o
 .debug_macro   0x000000000001033f     0x3468 Application/User/Core/main.o
 .debug_macro   0x00000000000137a7      0x174 Application/User/Core/main.o
 .debug_macro   0x000000000001391b       0x5c Application/User/Core/main.o
 .debug_macro   0x0000000000013977      0x5be Application/User/Core/main.o
 .debug_macro   0x0000000000013f35      0x289 Application/User/Core/main.o
 .debug_macro   0x00000000000141be      0x1cb Application/User/Core/main.o
 .debug_macro   0x0000000000014389      0x114 Application/User/Core/main.o
 .debug_macro   0x000000000001449d      0x1b2 Application/User/Core/main.o
 .debug_macro   0x000000000001464f       0x27 Application/User/Core/main.o
 .debug_macro   0x0000000000014676      0x136 Application/User/Core/main.o
 .debug_macro   0x00000000000147ac      0x1bc Application/User/Core/main.o
 .debug_macro   0x0000000000014968       0x34 Application/User/Core/main.o
 .debug_macro   0x000000000001499c       0x3c Application/User/Core/main.o
 .debug_macro   0x00000000000149d8      0x408 Application/User/Core/main.o
 .debug_macro   0x0000000000014de0       0x57 Application/User/Core/main.o
 .debug_macro   0x0000000000014e37       0x88 Application/User/Core/main.o
 .debug_macro   0x0000000000014ebf      0x241 Application/User/Core/main.o
 .debug_macro   0x0000000000015100      0x141 Application/User/Core/main.o
 .debug_macro   0x0000000000015241      0x26b Application/User/Core/main.o
 .debug_macro   0x00000000000154ac       0x83 Application/User/Core/main.o
 .debug_macro   0x000000000001552f       0x5e Application/User/Core/main.o
 .debug_macro   0x000000000001558d       0x46 Application/User/Core/main.o
 .debug_macro   0x00000000000155d3       0x18 Application/User/Core/main.o
 .debug_macro   0x00000000000155eb       0x3c Application/User/Core/main.o
 .debug_macro   0x0000000000015627       0x34 Application/User/Core/main.o
 .debug_macro   0x000000000001565b       0x52 Application/User/Core/main.o
 .debug_macro   0x00000000000156ad       0x1f Application/User/Core/main.o
 .debug_macro   0x00000000000156cc       0x43 Application/User/Core/main.o
 .debug_macro   0x000000000001570f       0x20 Application/User/Core/main.o
 .debug_macro   0x000000000001572f      0x1a3 Application/User/Core/main.o
 .debug_macro   0x00000000000158d2      0x32a Application/User/Core/main.o
 .debug_macro   0x0000000000015bfc       0x10 Application/User/Core/main.o
 .debug_macro   0x0000000000015c0c       0x35 Application/User/Core/main.o
 .debug_macro   0x0000000000015c41       0x20 Application/User/Core/main.o
 .debug_macro   0x0000000000015c61       0x1c Application/User/Core/main.o
 .debug_macro   0x0000000000015c7d       0x10 Application/User/Core/main.o
 .debug_macro   0x0000000000015c8d       0x10 Application/User/Core/main.o
 .debug_macro   0x0000000000015c9d       0x1c Application/User/Core/main.o
 .debug_macro   0x0000000000015cb9       0x52 Application/User/Core/main.o
 .debug_macro   0x0000000000015d0b       0x40 Application/User/Core/main.o
 .debug_macro   0x0000000000015d4b       0x10 Application/User/Core/main.o
 .debug_macro   0x0000000000015d5b       0x40 Application/User/Core/main.o
 .debug_macro   0x0000000000015d9b       0xd7 Application/User/Core/main.o
 .debug_macro   0x0000000000015e72       0x1c Application/User/Core/main.o
 .debug_macro   0x0000000000015e8e       0x3d Application/User/Core/main.o
 .debug_macro   0x0000000000015ecb       0x16 Application/User/Core/main.o
 .debug_macro   0x0000000000015ee1      0x145 Application/User/Core/main.o
 .debug_macro   0x0000000000016026      0x1a7 Application/User/Core/stm32f1xx_hal_msp.o
 .debug_macro   0x00000000000161cd      0x1b1 Application/User/Core/stm32f1xx_it.o
 .debug_macro   0x000000000001637e      0x198 Drivers/CMSIS/system_stm32f1xx.o
 .debug_macro   0x0000000000016516      0x1bc Drivers/STM32F1xx_HAL_Driver/stm32f1xx_hal.o
 .debug_macro   0x00000000000166d2      0x1a0 Drivers/STM32F1xx_HAL_Driver/stm32f1xx_hal_can.o
 .debug_macro   0x0000000000016872      0x198 Drivers/STM32F1xx_HAL_Driver/stm32f1xx_hal_cortex.o
 .debug_macro   0x0000000000016a0a      0x203 Drivers/STM32F1xx_HAL_Driver/stm32f1xx_hal_gpio.o
 .debug_macro   0x0000000000016c0d      0x1aa Drivers/STM32F1xx_HAL_Driver/stm32f1xx_hal_rcc.o
 .debug_macro   0x0000000000016db7      0x199 Drivers/STM32F1xx_HAL_Driver/stm32f1xx_hal_uart.o

.debug_line     0x0000000000000000     0x5e52
 .debug_line    0x0000000000000000      0x9ea Application/User/Core/main.o
 .debug_line    0x00000000000009ea      0x705 Application/User/Core/stm32f1xx_hal_msp.o
 .debug_line    0x00000000000010ef      0x760 Application/User/Core/stm32f1xx_it.o
 .debug_line    0x000000000000184f       0x90 Application/User/Startup/startup_stm32f103rbtx.o
 .debug_line    0x00000000000018df      0x6ce Drivers/CMSIS/system_stm32f1xx.o
 .debug_line    0x0000000000001fad      0x881 Drivers/STM32F1xx_HAL_Driver/stm32f1xx_hal.o
 .debug_line    0x000000000000282e      0xb4f Drivers/STM32F1xx_HAL_Driver/stm32f1xx_hal_can.o
 .debug_line    0x000000000000337d      0x958 Drivers/STM32F1xx_HAL_Driver/stm32f1xx_hal_cortex.o
 .debug_line    0x0000000000003cd5      0x87d Drivers/STM32F1xx_HAL_Driver/stm32f1xx_hal_gpio.o
 .debug_line    0x0000000000004552      0x941 Drivers/STM32F1xx_HAL_Driver/stm32f1xx_hal_rcc.o
 .debug_line    0x0000000000004e93      0xfbf Drivers/STM32F1xx_HAL_Driver/stm32f1xx_hal_uart.o

.debug_str      0x0000000000000000    0x849bc
 .debug_str     0x0000000000000000    0x830ad Application/User/Core/main.o
                                      0x835e2 (size before relaxing)
 .debug_str     0x00000000000830ad       0xd6 Application/User/Core/stm32f1xx_hal_msp.o
                                      0x7ec48 (size before relaxing)
 .debug_str     0x0000000000083183      0x10c Application/User/Core/stm32f1xx_it.o
                                      0x7e5f2 (size before relaxing)
 .debug_str     0x000000000008328f       0x42 Application/User/Startup/startup_stm32f103rbtx.o
                                         0x92 (size before relaxing)
 .debug_str     0x00000000000832d1       0x8c Drivers/CMSIS/system_stm32f1xx.o
                                      0x7e457 (size before relaxing)
 .debug_str     0x000000000008335d      0x33e Drivers/STM32F1xx_HAL_Driver/stm32f1xx_hal.o
                                      0x7eae8 (size before relaxing)
 .debug_str     0x000000000008369b      0x4b0 Drivers/STM32F1xx_HAL_Driver/stm32f1xx_hal_can.o
                                      0x7ec77 (size before relaxing)
 .debug_str     0x0000000000083b4b      0x312 Drivers/STM32F1xx_HAL_Driver/stm32f1xx_hal_cortex.o
                                      0x7eaf0 (size before relaxing)
 .debug_str     0x0000000000083e5d      0x35e Drivers/STM32F1xx_HAL_Driver/stm32f1xx_hal_gpio.o
                                      0x7e81b (size before relaxing)
 .debug_str     0x00000000000841bb      0x289 Drivers/STM32F1xx_HAL_Driver/stm32f1xx_hal_rcc.o
                                      0x7e854 (size before relaxing)
 .debug_str     0x0000000000084444      0x578 Drivers/STM32F1xx_HAL_Driver/stm32f1xx_hal_uart.o
                                      0x7ed5a (size before relaxing)

.comment        0x0000000000000000       0x7b
 .comment       0x0000000000000000       0x7b Application/User/Core/main.o
                                         0x7c (size before relaxing)
 .comment       0x000000000000007b       0x7c Application/User/Core/stm32f1xx_hal_msp.o
 .comment       0x000000000000007b       0x7c Application/User/Core/stm32f1xx_it.o
 .comment       0x000000000000007b       0x7c Drivers/CMSIS/system_stm32f1xx.o
 .comment       0x000000000000007b       0x7c Drivers/STM32F1xx_HAL_Driver/stm32f1xx_hal.o
 .comment       0x000000000000007b       0x7c Drivers/STM32F1xx_HAL_Driver/stm32f1xx_hal_can.o
 .comment       0x000000000000007b       0x7c Drivers/STM32F1xx_HAL_Driver/stm32f1xx_hal_cortex.o
 .comment       0x000000000000007b       0x7c Drivers/STM32F1xx_HAL_Driver/stm32f1xx_hal_gpio.o
 .comment       0x000000000000007b       0x7c Drivers/STM32F1xx_HAL_Driver/stm32f1xx_hal_rcc.o
 .comment       0x000000000000007b       0x7c Drivers/STM32F1xx_HAL_Driver/stm32f1xx_hal_uart.o

.debug_frame    0x0000000000000000     0x1c10
 .debug_frame   0x0000000000000000       0xec Application/User/Core/main.o
 .debug_frame   0x00000000000000ec       0xc8 Application/User/Core/stm32f1xx_hal_msp.o
 .debug_frame   0x00000000000001b4      0x120 Application/User/Core/stm32f1xx_it.o
 .debug_frame   0x00000000000002d4       0x58 Drivers/CMSIS/system_stm32f1xx.o
 .debug_frame   0x000000000000032c      0x334 Drivers/STM32F1xx_HAL_Driver/stm32f1xx_hal.o
 .debug_frame   0x0000000000000660      0x5a0 Drivers/STM32F1xx_HAL_Driver/stm32f1xx_hal_can.o
 .debug_frame   0x0000000000000c00      0x428 Drivers/STM32F1xx_HAL_Driver/stm32f1xx_hal_cortex.o
 .debug_frame   0x0000000000001028      0x14c Drivers/STM32F1xx_HAL_Driver/stm32f1xx_hal_gpio.o
 .debug_frame   0x0000000000001174      0x21c Drivers/STM32F1xx_HAL_Driver/stm32f1xx_hal_rcc.o
 .debug_frame   0x0000000000001390      0x834 Drivers/STM32F1xx_HAL_Driver/stm32f1xx_hal_uart.o
 .debug_frame   0x0000000000001bc4       0x2c c:/st/stm32cubeide_1.5.1/stm32cubeide/plugins/com.st.stm32cube.ide.mcu.externaltools.gnu-tools-for-stm32.7-2018-q2-update.win32_1.5.0.202011040924/tools/bin/../lib/gcc/arm-none-eabi/7.3.1/../../../../arm-none-eabi/lib/thumb/v7-m\libc_nano.a(lib_a-init.o)
 .debug_frame   0x0000000000001bf0       0x20 c:/st/stm32cubeide_1.5.1/stm32cubeide/plugins/com.st.stm32cube.ide.mcu.externaltools.gnu-tools-for-stm32.7-2018-q2-update.win32_1.5.0.202011040924/tools/bin/../lib/gcc/arm-none-eabi/7.3.1/../../../../arm-none-eabi/lib/thumb/v7-m\libc_nano.a(lib_a-memset.o)
